
Circuit 1 cell sky130_fd_pr__nfet_01v8 and Circuit 2 cell sky130_fd_pr__nfet_01v8 are black boxes.
Warning: Equate pins:  cell sky130_fd_pr__nfet_01v8 is a placeholder, treated as a black box.
Warning: Equate pins:  cell sky130_fd_pr__nfet_01v8 is a placeholder, treated as a black box.

Subcircuit pins:
Circuit 1: sky130_fd_pr__nfet_01v8         |Circuit 2: sky130_fd_pr__nfet_01v8         
-------------------------------------------|-------------------------------------------
1                                          |1                                          
2                                          |2                                          
3                                          |3                                          
4                                          |4                                          
---------------------------------------------------------------------------------------
Cell pin lists are equivalent.
Device classes sky130_fd_pr__nfet_01v8 and sky130_fd_pr__nfet_01v8 are equivalent.

Circuit 1 cell sky130_fd_pr__pfet_01v8 and Circuit 2 cell sky130_fd_pr__pfet_01v8 are black boxes.
Warning: Equate pins:  cell sky130_fd_pr__pfet_01v8 is a placeholder, treated as a black box.
Warning: Equate pins:  cell sky130_fd_pr__pfet_01v8 is a placeholder, treated as a black box.

Subcircuit pins:
Circuit 1: sky130_fd_pr__pfet_01v8         |Circuit 2: sky130_fd_pr__pfet_01v8         
-------------------------------------------|-------------------------------------------
1                                          |1                                          
2                                          |2                                          
3                                          |3                                          
4                                          |4                                          
---------------------------------------------------------------------------------------
Cell pin lists are equivalent.
Device classes sky130_fd_pr__pfet_01v8 and sky130_fd_pr__pfet_01v8 are equivalent.

Circuit 1 cell sky130_fd_pr__cap_mim_m3_1 and Circuit 2 cell sky130_fd_pr__cap_mim_m3_1 are black boxes.
Warning: Equate pins:  cell sky130_fd_pr__cap_mim_m3_1 is a placeholder, treated as a black box.
Warning: Equate pins:  cell sky130_fd_pr__cap_mim_m3_1 is a placeholder, treated as a black box.

Subcircuit pins:
Circuit 1: sky130_fd_pr__cap_mim_m3_1      |Circuit 2: sky130_fd_pr__cap_mim_m3_1      
-------------------------------------------|-------------------------------------------
1                                          |1                                          
2                                          |2                                          
---------------------------------------------------------------------------------------
Cell pin lists are equivalent.
Device classes sky130_fd_pr__cap_mim_m3_1 and sky130_fd_pr__cap_mim_m3_1 are equivalent.
Flattening unmatched subcell sky130_fd_pr__nfet_01v8_T3GQRW in circuit opamp6 (0)(2 instances)
Flattening unmatched subcell sky130_fd_pr__pfet_01v8_ES5D3S in circuit opamp6 (0)(2 instances)
Flattening unmatched subcell sky130_fd_pr__nfet_01v8_WNWSEE in circuit opamp6 (0)(3 instances)
Flattening unmatched subcell sky130_fd_pr__pfet_01v8_G7ACLL in circuit opamp6 (0)(1 instance)
Flattening unmatched subcell sky130_fd_pr__cap_mim_m3_1_UCYAL9 in circuit opamp6 (0)(1 instance)

Cell opamp6 (0) disconnected node: vdd
Cell opamp6 (0) disconnected node: vss
Class opamp6 (0):  Merged 7 parallel devices.
Cell opamp6 (0) disconnected node: vdd
Cell opamp6 (0) disconnected node: vss
Subcircuit summary:
Circuit 1: opamp6                          |Circuit 2: opamp6                          
-------------------------------------------|-------------------------------------------
sky130_fd_pr__nfet_01v8 (10->5)            |sky130_fd_pr__nfet_01v8 (5)                
sky130_fd_pr__pfet_01v8 (9->7)             |sky130_fd_pr__pfet_01v8 (3) **Mismatch**   
sky130_fd_pr__cap_mim_m3_1 (1)             |sky130_fd_pr__cap_mim_m3_1 (1)             
Number of devices: 13 **Mismatch**         |Number of devices: 9 **Mismatch**          
Number of nets: 34 **Mismatch**            |Number of nets: 9 **Mismatch**             
---------------------------------------------------------------------------------------
NET mismatches: Class fragments follow (with fanout counts):
Circuit 1: opamp6                          |Circuit 2: opamp6                          

---------------------------------------------------------------------------------------
Net: VSUBS                                 |Net: net3                                  
  sky130_fd_pr__nfet_01v8/4 = 5            |  sky130_fd_pr__nfet_01v8/(1|3) = 3        
                                           |                                           
Net: vout                                  |Net: vout                                  
  sky130_fd_pr__pfet_01v8/2 = 1            |  sky130_fd_pr__pfet_01v8/(1|3) = 1        
  sky130_fd_pr__cap_mim_m3_1/2 = 1         |  sky130_fd_pr__cap_mim_m3_1/2 = 1         
                                           |  sky130_fd_pr__nfet_01v8/(1|3) = 1        
                                           |                                           
Net: ibias                                 |Net: ibias                                 
  sky130_fd_pr__nfet_01v8/2 = 3            |  sky130_fd_pr__nfet_01v8/2 = 3            
                                           |  sky130_fd_pr__nfet_01v8/(1|3) = 1        
                                           |                                           
Net: XM1/S1                                |Net: net1                                  
  sky130_fd_pr__nfet_01v8/(1|3) = 1        |  sky130_fd_pr__pfet_01v8/(1|3) = 1        
                                           |  sky130_fd_pr__pfet_01v8/2 = 2            
                                           |  sky130_fd_pr__nfet_01v8/(1|3) = 1        
                                           |                                           
Net: XM3/D0                                |Net: net2                                  
  sky130_fd_pr__nfet_01v8/(1|3) = 1        |  sky130_fd_pr__pfet_01v8/(1|3) = 1        
                                           |  sky130_fd_pr__nfet_01v8/(1|3) = 1        
                                           |  sky130_fd_pr__pfet_01v8/2 = 1            
                                           |  sky130_fd_pr__cap_mim_m3_1/1 = 1         
                                           |                                           
Net: XM3/S1                                |Net: vss                                   
  sky130_fd_pr__nfet_01v8/(1|3) = 1        |  sky130_fd_pr__nfet_01v8/(1|3) = 3        
                                           |  sky130_fd_pr__nfet_01v8/4 = 5            
                                           |                                           
Net: XM8/D0                                |Net: vdd                                   
  sky130_fd_pr__nfet_01v8/(1|3) = 1        |  sky130_fd_pr__pfet_01v8/(1|3) = 3        
                                           |  sky130_fd_pr__pfet_01v8/4 = 3            
                                           |                                           
Net: XM8/S1                                |(no matching net)                          
  sky130_fd_pr__nfet_01v8/(1|3) = 1        |                                           
                                           |                                           
Net: XM5/D0                                |(no matching net)                          
  sky130_fd_pr__nfet_01v8/(1|3) = 1        |                                           
                                           |                                           
Net: XM5/S1                                |(no matching net)                          
  sky130_fd_pr__nfet_01v8/(1|3) = 1        |                                           
                                           |                                           
Net: XM6/D0                                |(no matching net)                          
  sky130_fd_pr__nfet_01v8/(1|3) = 1        |                                           
                                           |                                           
Net: XM6/S1                                |(no matching net)                          
  sky130_fd_pr__nfet_01v8/(1|3) = 1        |                                           
                                           |                                           
Net: XM2/B                                 |(no matching net)                          
  sky130_fd_pr__pfet_01v8/4 = 1            |                                           
                                           |                                           
Net: XM4/B                                 |(no matching net)                          
  sky130_fd_pr__pfet_01v8/4 = 1            |                                           
                                           |                                           
Net: XM2/D0                                |(no matching net)                          
  sky130_fd_pr__pfet_01v8/(1|3) = 1        |                                           
                                           |                                           
Net: XM2/S1                                |(no matching net)                          
  sky130_fd_pr__pfet_01v8/(1|3) = 1        |                                           
                                           |                                           
Net: XM4/D0                                |(no matching net)                          
  sky130_fd_pr__pfet_01v8/(1|3) = 1        |                                           
                                           |                                           
Net: XM4/S1                                |(no matching net)                          
  sky130_fd_pr__pfet_01v8/(1|3) = 1        |                                           
                                           |                                           
Net: XM7/D0                                |(no matching net)                          
  sky130_fd_pr__pfet_01v8/(1|3) = 1        |                                           
                                           |                                           
Net: XM7/S4                                |(no matching net)                          
  sky130_fd_pr__pfet_01v8/(1|3) = 1        |                                           
                                           |                                           
Net: XM7/G0                                |(no matching net)                          
  sky130_fd_pr__pfet_01v8/2 = 1            |                                           
                                           |                                           
Net: XM7/G1                                |(no matching net)                          
  sky130_fd_pr__pfet_01v8/2 = 1            |                                           
                                           |                                           
Net: XM7/G3                                |(no matching net)                          
  sky130_fd_pr__pfet_01v8/2 = 1            |                                           
                                           |                                           
Net: XM7/G4                                |(no matching net)                          
  sky130_fd_pr__pfet_01v8/2 = 1            |                                           
                                           |                                           
Net: XC1/C1                                |(no matching net)                          
  sky130_fd_pr__cap_mim_m3_1/1 = 1         |                                           
                                           |                                           
Net: XM1/D0                                |(no matching net)                          
  sky130_fd_pr__nfet_01v8/(1|3) = 1        |                                           
                                           |                                           
Net: XM4/G1                                |(no matching net)                          
  sky130_fd_pr__pfet_01v8/2 = 2            |                                           
                                           |                                           
Net: XM7/S1                                |(no matching net)                          
  sky130_fd_pr__pfet_01v8/(1|3) = 2        |                                           
                                           |                                           
Net: XM7/D2                                |(no matching net)                          
  sky130_fd_pr__pfet_01v8/(1|3) = 2        |                                           
                                           |                                           
Net: XM7/S3                                |(no matching net)                          
  sky130_fd_pr__pfet_01v8/(1|3) = 2        |                                           
                                           |                                           
Net: XM7/D4                                |(no matching net)                          
  sky130_fd_pr__pfet_01v8/(1|3) = 2        |                                           
                                           |                                           
Net: XM7/B                                 |(no matching net)                          
  sky130_fd_pr__pfet_01v8/4 = 5            |                                           
---------------------------------------------------------------------------------------
DEVICE mismatches: Class fragments follow (with node fanout counts):
Circuit 1: opamp6                          |Circuit 2: opamp6                          

---------------------------------------------------------------------------------------
Instance: sky130_fd_pr__pfet_01v8_ES5D3S:X |Instance: sky130_fd_pr__pfet_01v8:M2       
  (1,3) = (1,1)                            |  (1,3) = (6,4)                            
  2 = 2                                    |  2 = 4                                    
  4 = 1                                    |  4 = 6                                    
                                           |                                           
Instance: sky130_fd_pr__pfet_01v8_ES5D3S:X |Instance: sky130_fd_pr__pfet_01v8:M4       
  (1,3) = (1,1)                            |  (1,3) = (6,4)                            
  2 = 2                                    |  2 = 4                                    
  4 = 1                                    |  4 = 6                                    
                                           |                                           
Instance: sky130_fd_pr__pfet_01v8_G7ACLL:X |Instance: sky130_fd_pr__pfet_01v8:M7       
  (1,3) = (2,2)                            |  (1,3) = (6,3)                            
  2 = 2                                    |  2 = 4                                    
  4 = 5                                    |  4 = 6                                    
                                           |                                           
Instance: sky130_fd_pr__pfet_01v8_G7ACLL:X |(no matching instance)                     
  (1,3) = (2,1)                            |                                           
  2 = 1                                    |                                           
  4 = 5                                    |                                           
                                           |                                           
                                           |                                           
Instance: sky130_fd_pr__pfet_01v8_G7ACLL:X |(no matching instance)                     
  (1,3) = (2,2)                            |                                           
  2 = 1                                    |                                           
  4 = 5                                    |                                           
                                           |                                           
                                           |                                           
Instance: sky130_fd_pr__pfet_01v8_G7ACLL:X |(no matching instance)                     
  (1,3) = (2,2)                            |                                           
  2 = 1                                    |                                           
  4 = 5                                    |                                           
                                           |                                           
                                           |                                           
Instance: sky130_fd_pr__pfet_01v8_G7ACLL:X |(no matching instance)                     
  (1,3) = (2,1)                            |                                           
  2 = 1                                    |                                           
  4 = 5                                    |                                           
                                           |                                           
---------------------------------------------------------------------------------------
Netlists do not match.
Port matching may fail to disambiguate symmetries.

Subcircuit pins:
Circuit 1: opamp6                          |Circuit 2: opamp6                          
-------------------------------------------|-------------------------------------------
Cell pin lists are equivalent.
Device classes opamp6 and opamp6 are equivalent.

Final result: Netlists do not match.
Port matching may fail to disambiguate symmetries.
